// Vitest Snapshot v1, https://vitest.dev/guide/snapshot.html

exports[`utils > guid > should generate a string 1`] = `"dddddddd"`;

exports[`utils > guid > should generate a string 2`] = `"d"`;

exports[`utils > guid > should generate a string 3`] = `"dddddddddd"`;

exports[`utils > guid > should generate a string 4`] = `"dddddddddddddddddddd"`;
